// Jest Snapshot v1, https://goo.gl/fbAQLP

exports[`Header component should render 1`] = `
<DocumentFragment>
  <nav>
    <div
      class="sc-bdfBwQ lhdpVo"
    >
      <a
        href="/"
      >
        <img
          alt="voltar"
          src="backIcon.png"
        />
      </a>
      <p
        class="sc-gsTCUz fcjGHL"
      >
        Hi! I'm a header title
      </p>
    </div>
  </nav>
</DocumentFragment>
`;
